// Jest Snapshot v1, https://goo.gl/fbAQLP

exports[`Testing VisibilityFilters component renders correctly 1`] = `ShallowWrapper {}`;
